// Jest Snapshot v1, https://goo.gl/fbAQLP

exports[`MovieDetailsContextProvider tests To match snapshot 1`] = `
<DocumentFragment>
  <div>
    Children
  </div>
</DocumentFragment>
`;
