// Jest Snapshot v1, https://goo.gl/fbAQLP

exports[`Modal tests To match snapshot 1`] = `
<DocumentFragment>
  <div
    class="modal"
  >
    <div
      class="modalContent"
    >
      <button
        class="closeModal"
        data-testid="close-btn"
      />
      <span>
        Test
      </span>
    </div>
  </div>
  )
</DocumentFragment>
`;
