// Jest Snapshot v1, https://goo.gl/fbAQLP

exports[`Button tests To match snapshot 1`] = `
<DocumentFragment>
  <button
    class="btn btn"
  >
    button
  </button>
</DocumentFragment>
`;
