// Jest Snapshot v1, https://goo.gl/fbAQLP

exports[`PageNotFound tests To match snapshot 1`] = `
<DocumentFragment>
  <div>
    <h1>
      Page Not Found
    </h1>
  </div>
</DocumentFragment>
`;
