// Jest Snapshot v1, https://goo.gl/fbAQLP

exports[`ErrorBoundary tests To match snapshot 1`] = `<DocumentFragment />`;
