// Jest Snapshot v1, https://goo.gl/fbAQLP

exports[`Input tests To match snapshot 1`] = `
<DocumentFragment>
  <div
    class="inputField"
  >
    <input
      class="field"
      id="name"
      name="name"
      type="text"
      value=""
    />
  </div>
</DocumentFragment>
`;
