// Jest Snapshot v1, https://goo.gl/fbAQLP

exports[`AddMovie tests To match snapshot 1`] = `
<DocumentFragment>
  <button
    class="btn addBtn"
  >
    + add movie
  </button>
</DocumentFragment>
`;
