// Jest Snapshot v1, https://goo.gl/fbAQLP

exports[`Home tests To match snapshot 1`] = `<DocumentFragment />`;
